// Jest Snapshot v1, https://goo.gl/fbAQLP

exports[`ui tests should render correctly 1`] = `
<div
  className="next-button"
  onClick={[Function]}
>
  <p>
    next
  </p>
</div>
`;
