// Jest Snapshot v1, https://goo.gl/fbAQLP

exports[`ui tests should render correctly 1`] = `
<input
  onClick={[Function]}
  type="button"
  value="test"
/>
`;
