// Jest Snapshot v1, https://goo.gl/fbAQLP

exports[`ui tests should render correctly 1`] = `
<div>
  <h1>
    hi!
  </h1>
  <input
    onClick={[Function]}
    type="button"
    value="prev"
  />
  <input
    onClick={[Function]}
    type="button"
    value="next"
  />
</div>
`;
