// Jest Snapshot v1, https://goo.gl/fbAQLP

exports[`ui tests should render correctly 1`] = `
<div
  className="prev-button"
  onClick={[Function]}
>
  <p>
    prev
  </p>
</div>
`;
